WARNING: You are running different service versions locally than your linked project:
supabase/gotrue:v2.179.0 => v2.180.0
Run supabase link to update them.
Starting database...
Initialising schema...
Seeding globals from roles.sql...
Applying migration 20250315000000_initial_schema.sql...
NOTICE (42710): extension "uuid-ossp" already exists, skipping
NOTICE (00000): trigger "create_profile_after_signup" for relation "auth.users" does not exist, skipping
NOTICE (00000): trigger "update_profiles_modtime" for relation "profiles" does not exist, skipping
NOTICE (00000): trigger "update_services_modtime" for relation "services" does not exist, skipping
NOTICE (00000): trigger "update_recurring_plans_modtime" for relation "recurring_plans" does not exist, skipping
NOTICE (00000): trigger "update_bookings_modtime" for relation "bookings" does not exist, skipping
Applying migration 20250315000100_row_level_security.sql...
NOTICE (00000): policy "admin_read_all_profiles" for relation "profiles" does not exist, skipping
NOTICE (00000): policy "admin_update_all_profiles" for relation "profiles" does not exist, skipping
NOTICE (00000): policy "users_read_own_profile" for relation "profiles" does not exist, skipping
NOTICE (00000): policy "users_update_own_profile" for relation "profiles" does not exist, skipping
NOTICE (00000): policy "technicians_read_customer_profiles" for relation "profiles" does not exist, skipping
NOTICE (00000): policy "public_read_services" for relation "services" does not exist, skipping
NOTICE (00000): policy "admin_manage_services" for relation "services" does not exist, skipping
NOTICE (00000): policy "public_read_recurring_plans" for relation "recurring_plans" does not exist, skipping
NOTICE (00000): policy "admin_manage_recurring_plans" for relation "recurring_plans" does not exist, skipping
NOTICE (00000): policy "admin_manage_all_bookings" for relation "bookings" does not exist, skipping
NOTICE (00000): policy "customers_view_own_bookings" for relation "bookings" does not exist, skipping
NOTICE (00000): policy "customers_create_bookings" for relation "bookings" does not exist, skipping
NOTICE (00000): policy "customers_update_own_bookings" for relation "bookings" does not exist, skipping
NOTICE (00000): policy "technicians_view_assigned_bookings" for relation "bookings" does not exist, skipping
NOTICE (00000): policy "technicians_update_assigned_bookings" for relation "bookings" does not exist, skipping
NOTICE (00000): policy "admin_manage_all_reviews" for relation "reviews" does not exist, skipping
NOTICE (00000): policy "customers_view_own_reviews" for relation "reviews" does not exist, skipping
NOTICE (00000): policy "customers_create_reviews" for relation "reviews" does not exist, skipping
NOTICE (00000): policy "technicians_view_job_reviews" for relation "reviews" does not exist, skipping
NOTICE (00000): policy "public_read_reviews" for relation "reviews" does not exist, skipping
NOTICE (00000): policy "admin_view_all_payment_methods" for relation "payment_methods" does not exist, skipping
NOTICE (00000): policy "customers_manage_own_payment_methods" for relation "payment_methods" does not exist, skipping
Applying migration 20250315000300_jwt_custom_hook.sql...
Applying migration 20250315000400_update_all_user_roles.sql...
Applying migration 20250316001000_fix_jwt_role_handling.sql...
Applying migration 20250321190207_storage_setup.sql...
Applying migration 20250321190208_fix_booking_notification_trigger.sql...
NOTICE (00000): trigger "trg_notify_on_booking_change" for relation "bookings" does not exist, skipping
Applying migration 20250408212245_add_single_column_indexes.sql...
Applying migration 20250408212246_add_composite_indexes.sql...
Applying migration 20250408212247_add_stripe_fields.sql...
Applying migration 20250408212248_add_constraints.sql...
Applying migration 20250408212249_create_dashboard_metrics_function.sql...
Applying migration 20250409023756_apply_database_optimizations.sql...
NOTICE (42P07): relation "idx_bookings_customer_id" already exists, skipping
NOTICE (42P07): relation "idx_bookings_technician_id" already exists, skipping
NOTICE (42P07): relation "idx_bookings_service_id" already exists, skipping
NOTICE (42P07): relation "idx_bookings_status" already exists, skipping
NOTICE (42P07): relation "idx_bookings_scheduled_date" already exists, skipping
NOTICE (42P07): relation "idx_profiles_role" already exists, skipping
NOTICE (42P07): relation "idx_bookings_customer_status" already exists, skipping
NOTICE (42P07): relation "idx_bookings_tech_date" already exists, skipping
Applying migration 20250419054353_fix_notification_type_in_assign_booking.sql...
Applying migration 20250419055044_update_notifications_type_constraint.sql...
NOTICE (00000): Notifications table does not exist yet - skipping constraint update
Applying migration 20250419055326_fix_service_date_reference_in_notifications.sql...
Applying migration 20250419055539_fix_notification_priority_in_booking_notification.sql...
Applying migration 20250419060750_add_admin_rls_for_payments.sql...
NOTICE (00000): Payments table does not exist yet - skipping RLS policy creation
Applying migration 20250419222343_truncate_bookings.sql...
NOTICE (00000): truncate cascades to table "reviews"
Applying migration 20250420082900_update_status_enums.sql...
NOTICE (00000): Type public.subscription_status does not exist, skipping modification.
NOTICE (00000): Type public.invoice_status does not exist, skipping modification.
Applying migration 20250420120000_fix_update_booking_status_function.sql...
Applying migration 20250420164833_fix_boolean_integer_comparison_error.sql...
Applying migration 20250420180000_add_report_notes_to_update_booking_status.sql...
Applying migration 20250420181529_add_rescheduled_to_booking_status.sql...
Applying migration 20250501000100_fix_rbac_implementation.sql...
Applying migration 20250501000200_fix_hook_error.sql...
Applying migration 20250501000300_enhance_role_management.sql...
NOTICE (00000): trigger "on_auth_user_created" for relation "auth.users" does not exist, skipping
NOTICE (00000): trigger "on_profile_role_updated" for relation "public.profiles" does not exist, skipping
Applying migration 20250501000400_fix_rbac_with_user_roles_table.sql...
NOTICE (00000): trigger "on_profile_role_updated_sync_to_user_roles" for relation "public.profiles" does not exist, skipping
NOTICE (00000): trigger "on_user_roles_updated_sync_to_profile" for relation "public.user_roles" does not exist, skipping
Applying migration 20250501000500_add_role_management_functions.sql...
Applying migration 20250501000600_fix_custom_access_token_hook_error.sql...
Applying migration 20250501000700_fix_null_user_id_in_hook.sql...
Applying migration 20250501000800_fix_parameter_ambiguity.sql...
Applying migration 20250501000900_fix_all_parameter_references.sql...
Applying migration 20250501001000_update_jwt_role_policies.sql...
Stopping containers...
ERROR: could not find a function named "auth.is_admin" (SQLSTATE 42883)                        
At statement: 7                                                                                
-- Add helpful comments                                                                        
COMMENT ON FUNCTION auth.is_admin IS                                                           
'Checks if the current user is an admin - first checks JWT claims then falls back to database.'
Try rerunning the command with --debug to troubleshoot the error.
